
> tmp_app@0.1.0 dev
> next dev

  ▲ Next.js 14.2.3
  - Local:        http://localhost:3000

 ✓ Starting...
 ✓ Ready in 2s
 ○ Compiling / ...
 ✓ Compiled / in 9.2s (1434 modules)
Warning: React does not recognize the `asChild` prop on a DOM element. If you intentionally want it to appear in the DOM as a custom attribute, spell it as lowercase `aschild` instead. If you accidentally passed it from a parent component, remove it from the DOM element.
    at button
    at div
    at div
    at header
    at div
    at main
    at InnerLayoutRouter (webpack-internal:///(ssr)/./node_modules/next/dist/client/components/layout-router.js:242:11)
    at RedirectErrorBoundary (webpack-internal:///(ssr)/./node_modules/next/dist/client/components/redirect-boundary.js:73:9)
    at RedirectBoundary (webpack-internal:///(ssr)/./node_modules/next/dist/client/components/redirect-boundary.js:81:11)
    at NotFoundErrorBoundary (webpack-internal:///(ssr)/./node_modules/next/dist/client/components/not-found-boundary.js:76:9)
    at NotFoundBoundary (webpack-internal:///(ssr)/./node_modules/next/dist/client/components/not-found-boundary.js:84:11)
    at LoadingBoundary (webpack-internal:///(ssr)/./node_modules/next/dist/client/components/layout-router.js:346:11)
    at ErrorBoundary (webpack-internal:///(ssr)/./node_modules/next/dist/client/components/error-boundary.js:158:11)
    at InnerScrollAndFocusHandler (webpack-internal:///(ssr)/./node_modules/next/dist/client/components/layout-router.js:153:9)
    at ScrollAndFocusHandler (webpack-internal:///(ssr)/./node_modules/next/dist/client/components/layout-router.js:228:11)
    at RenderFromTemplateContext (webpack-internal:///(ssr)/./node_modules/next/dist/client/components/render-from-template-context.js:16:44)
    at Lazy
    at OuterLayoutRouter (webpack-internal:///(ssr)/./node_modules/next/dist/client/components/layout-router.js:366:11)
    at Lazy
    at StoreProvider (webpack-internal:///(ssr)/./src/store/StoreContext.tsx:13:26)
    at Lazy
    at body
    at html
    at RedirectErrorBoundary (webpack-internal:///(ssr)/./node_modules/next/dist/client/components/redirect-boundary.js:73:9)
    at RedirectBoundary (webpack-internal:///(ssr)/./node_modules/next/dist/client/components/redirect-boundary.js:81:11)
    at ReactDevOverlay (webpack-internal:///(ssr)/./node_modules/next/dist/client/components/react-dev-overlay/app/ReactDevOverlay.js:87:9)
    at HotReload (webpack-internal:///(ssr)/./node_modules/next/dist/client/components/react-dev-overlay/app/hot-reloader-client.js:322:11)
    at Router (webpack-internal:///(ssr)/./node_modules/next/dist/client/components/app-router.js:202:11)
    at ErrorBoundaryHandler (webpack-internal:///(ssr)/./node_modules/next/dist/client/components/error-boundary.js:112:9)
    at ErrorBoundary (webpack-internal:///(ssr)/./node_modules/next/dist/client/components/error-boundary.js:158:11)
    at AppRouter (webpack-internal:///(ssr)/./node_modules/next/dist/client/components/app-router.js:556:13)
    at Lazy
    at r1 (/app/node_modules/next/dist/compiled/next-server/app-page.runtime.dev.js:39:18701)
    at r1 (/app/node_modules/next/dist/compiled/next-server/app-page.runtime.dev.js:39:18701)
    at ServerInsertedHTMLProvider (/app/node_modules/next/dist/compiled/next-server/app-page.runtime.dev.js:39:24131)
 GET / 200 in 10255ms
 ✓ Compiled in 1027ms (691 modules)
 ⨯ upstream image response failed for https://images.unsplash.com/photo-1512413914596-fbc9cd3d49c6?q=80&w=200&auto=format&fit=crop 404
 ⨯ upstream image response failed for https://images.unsplash.com/photo-1597484661643-2f5fef640df1?q=80&w=600&auto=format&fit=crop 404
 ⨯ upstream image response failed for https://images.unsplash.com/photo-1597484661643-2f5fef640df1?q=80&w=600&auto=format&fit=crop 404
 ✓ Compiled in 843ms (1431 modules)
 ✓ Compiled in 760ms (1431 modules)
